------------------------------------------------------------
TimeQuest Timing Analyzer Summary
------------------------------------------------------------

Type  : Slow 1200mV 85C Model Setup 'clk'
Slack : -2.698
TNS   : -36.901

Type  : Slow 1200mV 85C Model Setup 'clk_div:c0|clkout1M'
Slack : -0.206
TNS   : -0.412

Type  : Slow 1200mV 85C Model Hold 'clk'
Slack : -0.330
TNS   : -0.330

Type  : Slow 1200mV 85C Model Hold 'clk_div:c0|clkout1M'
Slack : 0.393
TNS   : 0.000

Type  : Slow 1200mV 85C Model Minimum Pulse Width 'clk'
Slack : -3.000
TNS   : -39.000

Type  : Slow 1200mV 85C Model Minimum Pulse Width 'clk_div:c0|clkout1M'
Slack : -1.500
TNS   : -6.000

Type  : Slow 1200mV 0C Model Setup 'clk'
Slack : -2.414
TNS   : -30.648

Type  : Slow 1200mV 0C Model Setup 'clk_div:c0|clkout1M'
Slack : -0.084
TNS   : -0.168

Type  : Slow 1200mV 0C Model Hold 'clk'
Slack : -0.278
TNS   : -0.278

Type  : Slow 1200mV 0C Model Hold 'clk_div:c0|clkout1M'
Slack : 0.345
TNS   : 0.000

Type  : Slow 1200mV 0C Model Minimum Pulse Width 'clk'
Slack : -3.000
TNS   : -39.000

Type  : Slow 1200mV 0C Model Minimum Pulse Width 'clk_div:c0|clkout1M'
Slack : -1.500
TNS   : -6.000

Type  : Fast 1200mV 0C Model Setup 'clk'
Slack : -0.812
TNS   : -6.400

Type  : Fast 1200mV 0C Model Setup 'clk_div:c0|clkout1M'
Slack : 0.403
TNS   : 0.000

Type  : Fast 1200mV 0C Model Hold 'clk'
Slack : -0.350
TNS   : -0.350

Type  : Fast 1200mV 0C Model Hold 'clk_div:c0|clkout1M'
Slack : 0.175
TNS   : 0.000

Type  : Fast 1200mV 0C Model Minimum Pulse Width 'clk'
Slack : -3.000
TNS   : -27.335

Type  : Fast 1200mV 0C Model Minimum Pulse Width 'clk_div:c0|clkout1M'
Slack : -1.000
TNS   : -4.000

------------------------------------------------------------
